{
  "TotalSumCzk": 67500,
  "TotalPerformanceCzk": 2250,
  "TotalPerformancePercentage": 5.26,
  "Items": [
    {
      "Id": 1,
      "Name": "Investice CZK",
      "Value": 22500,
      "CurrencyCode": "CZK",
      "ValueCzk": 22500,
      "PercentageShare": 33.33,
      "NamePercentageShare": "Investice CZK (33,33 %)",
      "CreatedDate": "0001-01-01T00:00:00+00:00",
      "DefaultValueCzk": 0,
      "PerformanceCzk": 0,
      "PerformancePercentage": 0.0
    },
    {
      "Id": 2,
      "Name": "Investice USD",
      "Value": 1000,
      "CurrencyCode": "USD",
      "ValueCzk": 22500,
      "PercentageShare": 33.33,
      "NamePercentageShare": "Investice USD (33,33 %)",
      "CreatedDate": "0001-01-01T00:00:00+00:00",
      "DefaultValueCzk": 21375,
      "PerformanceCzk": 1125,
      "PerformancePercentage": 5.26
    },
    {
      "Id": 3,
      "Name": "Investice HUF",
      "Value": 300000,
      "CurrencyCode": "HUF",
      "ValueCzk": 22500,
      "PercentageShare": 33.33,
      "NamePercentageShare": "Investice HUF (33,33 %)",
      "CreatedDate": "0001-01-01T00:00:00+00:00",
      "DefaultValueCzk": 21375,
      "PerformanceCzk": 1125,
      "PerformancePercentage": 5.26
    }
  ],
  "ExchangeRates": {
    "Date": "17.01.2024",
    "Items": [
      {
        "Country": "USA",
        "Currency": "dolar",
        "Code": "USD",
        "Amount": 1,
        "Rate": 22.5
      },
      {
        "Country": "Maďarsko",
        "Currency": "forint",
        "Code": "HUF",
        "Amount": 100,
        "Rate": 7.5
      }
    ]
  }
}
