{
  "TotalSumCzk": 22500,
  "TotalPerformanceCzk": -42750,
  "TotalPerformancePercentage": -100.0,
  "Items": [
    {
      "Id": 1,
      "Name": "Investice CZK",
      "Value": 22500,
      "CurrencyCode": "CZK",
      "ValueCzk": 22500,
      "PercentageShare": 100.0,
      "NamePercentageShare": "Investice CZK (100 %)",
      "CreatedAt": "0001-01-01T00:00:00+00:00",
      "DefaultValueCzk": 0,
      "PerformanceCzk": 0,
      "PerformancePercentage": 0.0
    },
    {
      "Id": 2,
      "Name": "Investice USD",
      "Value": 1000,
      "CurrencyCode": "USD",
      "ValueCzk": 0,
      "PercentageShare": 0.0,
      "NamePercentageShare": "Investice USD (0 %)",
      "CreatedAt": "0001-01-01T00:00:00+00:00",
      "DefaultValueCzk": 21375,
      "PerformanceCzk": -21375,
      "PerformancePercentage": -100.0
    },
    {
      "Id": 3,
      "Name": "Investice HUF",
      "Value": 300000,
      "CurrencyCode": "HUF",
      "ValueCzk": 0,
      "PercentageShare": 0.0,
      "NamePercentageShare": "Investice HUF (0 %)",
      "CreatedAt": "0001-01-01T00:00:00+00:00",
      "DefaultValueCzk": 21375,
      "PerformanceCzk": -21375,
      "PerformancePercentage": -100.0
    }
  ],
  "ExchangeRates": {
    "Date": "",
    "Items": []
  }
}
